// Jest Snapshot v1, https://goo.gl/fbAQLP

exports[`Render views Country Modal page 1`] = `ShallowWrapper {}`;

exports[`Render views Error page 1`] = `ShallowWrapper {}`;

exports[`Render views Habitat Modal page 1`] = `ShallowWrapper {}`;

exports[`Render views Species Modal page 1`] = `ShallowWrapper {}`;
